2026-08-11 08:58:22 [INF] [AdminService] Configured endpoint admin-shipment-delivered, Consumer: SmartShip.Admin.Infrastructure.Consumers.ShipmentDeliveredConsumer
2026-08-11 08:58:22 [INF] [AdminService] Configured endpoint admin-user-created, Consumer: SmartShip.Admin.Infrastructure.Consumers.UserCreatedConsumer
2026-08-11 08:58:22 [INF] [AdminService] Configured endpoint admin-user-deleted, Consumer: SmartShip.Admin.Infrastructure.Consumers.UserDeletedConsumer
2026-08-11 08:58:22 [INF] [AdminService] Configured endpoint admin-shipment-created, Consumer: SmartShip.Admin.Infrastructure.Consumers.ShipmentCreatedMetricsConsumer
2026-08-11 08:58:22 [INF] [AdminService] Configured endpoint admin-shipment-cancelled, Consumer: SmartShip.Admin.Infrastructure.Consumers.ShipmentCancelledConsumer
2026-08-11 08:58:23 [INF] [AdminService] Bus started: "rabbitmq://localhost/"
2026-08-11 09:11:57 [INF] [AdminService] Configured endpoint admin-shipment-delivered, Consumer: SmartShip.Admin.Infrastructure.Consumers.ShipmentDeliveredConsumer
2026-08-11 09:11:57 [INF] [AdminService] Configured endpoint admin-user-created, Consumer: SmartShip.Admin.Infrastructure.Consumers.UserCreatedConsumer
2026-08-11 09:11:57 [INF] [AdminService] Configured endpoint admin-user-deleted, Consumer: SmartShip.Admin.Infrastructure.Consumers.UserDeletedConsumer
2026-08-11 09:11:57 [INF] [AdminService] Configured endpoint admin-shipment-created, Consumer: SmartShip.Admin.Infrastructure.Consumers.ShipmentCreatedMetricsConsumer
2026-08-11 09:11:57 [INF] [AdminService] Configured endpoint admin-shipment-cancelled, Consumer: SmartShip.Admin.Infrastructure.Consumers.ShipmentCancelledConsumer
2026-08-11 09:11:58 [INF] [AdminService] Bus started: "rabbitmq://localhost/"
2026-08-11 09:12:07 [INF] [AdminService] Configured endpoint admin-shipment-delivered, Consumer: SmartShip.Admin.Infrastructure.Consumers.ShipmentDeliveredConsumer
2026-08-11 09:12:07 [INF] [AdminService] Configured endpoint admin-user-created, Consumer: SmartShip.Admin.Infrastructure.Consumers.UserCreatedConsumer
2026-08-11 09:12:07 [INF] [AdminService] Configured endpoint admin-user-deleted, Consumer: SmartShip.Admin.Infrastructure.Consumers.UserDeletedConsumer
2026-08-11 09:12:07 [INF] [AdminService] Configured endpoint admin-shipment-created, Consumer: SmartShip.Admin.Infrastructure.Consumers.ShipmentCreatedMetricsConsumer
2026-08-11 09:12:07 [INF] [AdminService] Configured endpoint admin-shipment-cancelled, Consumer: SmartShip.Admin.Infrastructure.Consumers.ShipmentCancelledConsumer
2026-08-11 09:12:07 [INF] [AdminService] Bus started: "rabbitmq://localhost/"
2026-08-11 09:12:40 [INF] [AdminService] Configured endpoint admin-shipment-delivered, Consumer: SmartShip.Admin.Infrastructure.Consumers.ShipmentDeliveredConsumer
2026-08-11 09:12:40 [INF] [AdminService] Configured endpoint admin-user-created, Consumer: SmartShip.Admin.Infrastructure.Consumers.UserCreatedConsumer
2026-08-11 09:12:40 [INF] [AdminService] Configured endpoint admin-user-deleted, Consumer: SmartShip.Admin.Infrastructure.Consumers.UserDeletedConsumer
2026-08-11 09:12:40 [INF] [AdminService] Configured endpoint admin-shipment-created, Consumer: SmartShip.Admin.Infrastructure.Consumers.ShipmentCreatedMetricsConsumer
2026-08-11 09:12:40 [INF] [AdminService] Configured endpoint admin-shipment-cancelled, Consumer: SmartShip.Admin.Infrastructure.Consumers.ShipmentCancelledConsumer
2026-08-11 09:12:40 [INF] [AdminService] Bus started: "rabbitmq://localhost/"
2026-08-11 21:10:19 [INF] [AdminService] Configured endpoint admin-shipment-delivered, Consumer: SmartShip.Admin.Infrastructure.Consumers.ShipmentDeliveredConsumer
2026-08-11 21:10:19 [INF] [AdminService] Configured endpoint admin-user-created, Consumer: SmartShip.Admin.Infrastructure.Consumers.UserCreatedConsumer
2026-08-11 21:10:19 [INF] [AdminService] Configured endpoint admin-user-deleted, Consumer: SmartShip.Admin.Infrastructure.Consumers.UserDeletedConsumer
2026-08-11 21:10:19 [INF] [AdminService] Configured endpoint admin-shipment-created, Consumer: SmartShip.Admin.Infrastructure.Consumers.ShipmentCreatedMetricsConsumer
2026-08-11 21:10:19 [INF] [AdminService] Configured endpoint admin-shipment-cancelled, Consumer: SmartShip.Admin.Infrastructure.Consumers.ShipmentCancelledConsumer
2026-08-11 21:10:20 [INF] [AdminService] Bus started: "rabbitmq://localhost/"
2026-08-11 21:43:09 [INF] [AdminService] Configured endpoint admin-shipment-delivered, Consumer: SmartShip.Admin.Infrastructure.Consumers.ShipmentDeliveredConsumer
2026-08-11 21:43:09 [INF] [AdminService] Configured endpoint admin-user-created, Consumer: SmartShip.Admin.Infrastructure.Consumers.UserCreatedConsumer
2026-08-11 21:43:09 [INF] [AdminService] Configured endpoint admin-user-deleted, Consumer: SmartShip.Admin.Infrastructure.Consumers.UserDeletedConsumer
2026-08-11 21:43:09 [INF] [AdminService] Configured endpoint admin-shipment-created, Consumer: SmartShip.Admin.Infrastructure.Consumers.ShipmentCreatedMetricsConsumer
2026-08-11 21:43:09 [INF] [AdminService] Configured endpoint admin-shipment-cancelled, Consumer: SmartShip.Admin.Infrastructure.Consumers.ShipmentCancelledConsumer
2026-08-11 21:44:58 [INF] [AdminService] Configured endpoint admin-shipment-delivered, Consumer: SmartShip.Admin.Infrastructure.Consumers.ShipmentDeliveredConsumer
2026-08-11 21:44:58 [INF] [AdminService] Configured endpoint admin-user-created, Consumer: SmartShip.Admin.Infrastructure.Consumers.UserCreatedConsumer
2026-08-11 21:44:58 [INF] [AdminService] Configured endpoint admin-user-deleted, Consumer: SmartShip.Admin.Infrastructure.Consumers.UserDeletedConsumer
2026-08-11 21:44:58 [INF] [AdminService] Configured endpoint admin-shipment-created, Consumer: SmartShip.Admin.Infrastructure.Consumers.ShipmentCreatedMetricsConsumer
2026-08-11 21:44:58 [INF] [AdminService] Configured endpoint admin-shipment-cancelled, Consumer: SmartShip.Admin.Infrastructure.Consumers.ShipmentCancelledConsumer
2026-08-11 21:44:58 [INF] [AdminService] Bus started: "rabbitmq://localhost/"
2026-08-11 21:45:43 [INF] [AdminService] HTTP GET /swagger/v1/swagger.json → 200 in 22.3263ms
2026-08-11 21:54:01 [INF] [AdminService] Configured endpoint admin-shipment-delivered, Consumer: SmartShip.Admin.Infrastructure.Consumers.ShipmentDeliveredConsumer
2026-08-11 21:54:01 [INF] [AdminService] Configured endpoint admin-user-created, Consumer: SmartShip.Admin.Infrastructure.Consumers.UserCreatedConsumer
2026-08-11 21:54:01 [INF] [AdminService] Configured endpoint admin-user-deleted, Consumer: SmartShip.Admin.Infrastructure.Consumers.UserDeletedConsumer
2026-08-11 21:54:01 [INF] [AdminService] Configured endpoint admin-shipment-created, Consumer: SmartShip.Admin.Infrastructure.Consumers.ShipmentCreatedMetricsConsumer
2026-08-11 21:54:01 [INF] [AdminService] Configured endpoint admin-shipment-cancelled, Consumer: SmartShip.Admin.Infrastructure.Consumers.ShipmentCancelledConsumer
2026-08-11 21:54:02 [INF] [AdminService] Bus started: "rabbitmq://localhost/"
