2026-08-15 12:28:21 [INF] [AdminService] Configured endpoint admin-shipment-delivered, Consumer: SmartShip.Admin.Infrastructure.Consumers.ShipmentDeliveredConsumer
2026-08-15 12:28:21 [INF] [AdminService] Configured endpoint admin-user-created, Consumer: SmartShip.Admin.Infrastructure.Consumers.UserCreatedConsumer
2026-08-15 12:28:21 [INF] [AdminService] Configured endpoint admin-user-deleted, Consumer: SmartShip.Admin.Infrastructure.Consumers.UserDeletedConsumer
2026-08-15 12:28:21 [INF] [AdminService] Configured endpoint admin-shipment-created, Consumer: SmartShip.Admin.Infrastructure.Consumers.ShipmentCreatedMetricsConsumer
2026-08-15 12:28:21 [INF] [AdminService] Configured endpoint admin-shipment-cancelled, Consumer: SmartShip.Admin.Infrastructure.Consumers.ShipmentCancelledConsumer
2026-08-15 12:29:37 [INF] [AdminService] Configured endpoint admin-shipment-delivered, Consumer: SmartShip.Admin.Infrastructure.Consumers.ShipmentDeliveredConsumer
2026-08-15 12:29:37 [INF] [AdminService] Configured endpoint admin-user-created, Consumer: SmartShip.Admin.Infrastructure.Consumers.UserCreatedConsumer
2026-08-15 12:29:37 [INF] [AdminService] Configured endpoint admin-user-deleted, Consumer: SmartShip.Admin.Infrastructure.Consumers.UserDeletedConsumer
2026-08-15 12:29:37 [INF] [AdminService] Configured endpoint admin-shipment-created, Consumer: SmartShip.Admin.Infrastructure.Consumers.ShipmentCreatedMetricsConsumer
2026-08-15 12:29:37 [INF] [AdminService] Configured endpoint admin-shipment-cancelled, Consumer: SmartShip.Admin.Infrastructure.Consumers.ShipmentCancelledConsumer
2026-08-15 12:29:41 [WRN] [AdminService] Connection Failed: "rabbitmq://localhost/"
RabbitMQ.Client.Exceptions.BrokerUnreachableException: None of the specified endpoints were reachable
 ---> System.AggregateException: One or more errors occurred. (Connection failed, host 127.0.0.1:5672)
 ---> RabbitMQ.Client.Exceptions.ConnectFailureException: Connection failed, host 127.0.0.1:5672
 ---> System.Net.Sockets.SocketException (10061): No connection could be made because the target machine actively refused it.
   at System.Net.Sockets.Socket.AwaitableSocketAsyncEventArgs.ThrowException(SocketError error, CancellationToken cancellationToken)
   at System.Net.Sockets.Socket.AwaitableSocketAsyncEventArgs.System.Threading.Tasks.Sources.IValueTaskSource.GetResult(Int16 token)
   at System.Threading.Tasks.ValueTask.ValueTaskSourceAsTask.<>c.<.cctor>b__4_0(Object state)
--- End of stack trace from previous location ---
   at RabbitMQ.Client.Impl.SocketFactory.ConnectUsingAddressFamilyAsync(IPEndPoint endpoint, Func`2 socketFactory, AddressFamily family, TimeSpan connectionTimeout, CancellationToken cancellationToken)
   --- End of inner exception stack trace ---
   at RabbitMQ.Client.Impl.SocketFactory.ConnectUsingAddressFamilyAsync(IPEndPoint endpoint, Func`2 socketFactory, AddressFamily family, TimeSpan connectionTimeout, CancellationToken cancellationToken)
   at RabbitMQ.Client.Impl.SocketFactory.OpenAsync(AmqpTcpEndpoint amqpTcpEndpoint, Func`2 socketFactory, TimeSpan connectionTimeout, CancellationToken cancellationToken)
   at RabbitMQ.Client.Impl.SocketFrameHandler.CreateAsync(AmqpTcpEndpoint amqpTcpEndpoint, Func`2 socketFactory, TimeSpan connectionTimeout, CancellationToken cancellationToken)
   at RabbitMQ.Client.ConnectionFactory.CreateFrameHandlerAsync(AmqpTcpEndpoint endpoint, CancellationToken cancellationToken)
   at RabbitMQ.Client.EndpointResolverExtensions.SelectOneAsync[T](IEndpointResolver resolver, Func`3 selector, CancellationToken cancellationToken)
   --- End of inner exception stack trace ---
   at RabbitMQ.Client.EndpointResolverExtensions.SelectOneAsync[T](IEndpointResolver resolver, Func`3 selector, CancellationToken cancellationToken)
   at RabbitMQ.Client.ConnectionFactory.CreateConnectionAsync(IEndpointResolver endpointResolver, String clientProvidedName, CancellationToken cancellationToken)
   --- End of inner exception stack trace ---
   at RabbitMQ.Client.ConnectionFactory.CreateConnectionAsync(IEndpointResolver endpointResolver, String clientProvidedName, CancellationToken cancellationToken)
   at MassTransit.RabbitMqTransport.ConnectionContextFactory.CreateConnection(ISupervisor supervisor) in /_/src/Transports/MassTransit.RabbitMqTransport/RabbitMqTransport/ConnectionContextFactory.cs:line 108
2026-08-15 12:29:42 [INF] [AdminService] Retrying "00:00:05.7324192": Broker unreachable: guest@localhost:5672/
MassTransit.RabbitMqConnectionException: Broker unreachable: guest@localhost:5672/
 ---> RabbitMQ.Client.Exceptions.BrokerUnreachableException: None of the specified endpoints were reachable
 ---> System.AggregateException: One or more errors occurred. (Connection failed, host 127.0.0.1:5672)
 ---> RabbitMQ.Client.Exceptions.ConnectFailureException: Connection failed, host 127.0.0.1:5672
 ---> System.Net.Sockets.SocketException (10061): No connection could be made because the target machine actively refused it.
   at System.Net.Sockets.Socket.AwaitableSocketAsyncEventArgs.ThrowException(SocketError error, CancellationToken cancellationToken)
   at System.Net.Sockets.Socket.AwaitableSocketAsyncEventArgs.System.Threading.Tasks.Sources.IValueTaskSource.GetResult(Int16 token)
   at System.Threading.Tasks.ValueTask.ValueTaskSourceAsTask.<>c.<.cctor>b__4_0(Object state)
--- End of stack trace from previous location ---
   at RabbitMQ.Client.Impl.SocketFactory.ConnectUsingAddressFamilyAsync(IPEndPoint endpoint, Func`2 socketFactory, AddressFamily family, TimeSpan connectionTimeout, CancellationToken cancellationToken)
   --- End of inner exception stack trace ---
   at RabbitMQ.Client.Impl.SocketFactory.ConnectUsingAddressFamilyAsync(IPEndPoint endpoint, Func`2 socketFactory, AddressFamily family, TimeSpan connectionTimeout, CancellationToken cancellationToken)
   at RabbitMQ.Client.Impl.SocketFactory.OpenAsync(AmqpTcpEndpoint amqpTcpEndpoint, Func`2 socketFactory, TimeSpan connectionTimeout, CancellationToken cancellationToken)
   at RabbitMQ.Client.Impl.SocketFrameHandler.CreateAsync(AmqpTcpEndpoint amqpTcpEndpoint, Func`2 socketFactory, TimeSpan connectionTimeout, CancellationToken cancellationToken)
   at RabbitMQ.Client.ConnectionFactory.CreateFrameHandlerAsync(AmqpTcpEndpoint endpoint, CancellationToken cancellationToken)
   at RabbitMQ.Client.EndpointResolverExtensions.SelectOneAsync[T](IEndpointResolver resolver, Func`3 selector, CancellationToken cancellationToken)
   --- End of inner exception stack trace ---
   at RabbitMQ.Client.EndpointResolverExtensions.SelectOneAsync[T](IEndpointResolver resolver, Func`3 selector, CancellationToken cancellationToken)
   at RabbitMQ.Client.ConnectionFactory.CreateConnectionAsync(IEndpointResolver endpointResolver, String clientProvidedName, CancellationToken cancellationToken)
   --- End of inner exception stack trace ---
   at RabbitMQ.Client.ConnectionFactory.CreateConnectionAsync(IEndpointResolver endpointResolver, String clientProvidedName, CancellationToken cancellationToken)
   at MassTransit.RabbitMqTransport.ConnectionContextFactory.CreateConnection(ISupervisor supervisor) in /_/src/Transports/MassTransit.RabbitMqTransport/RabbitMqTransport/ConnectionContextFactory.cs:line 108
   --- End of inner exception stack trace ---
   at MassTransit.RabbitMqTransport.ConnectionContextFactory.CreateConnection(ISupervisor supervisor) in /_/src/Transports/MassTransit.RabbitMqTransport/RabbitMqTransport/ConnectionContextFactory.cs:line 135
   at MassTransit.Internals.TaskExtensions.<>c__DisplayClass2_0`1.<<OrCanceled>g__WaitAsync|0>d.MoveNext() in /_/src/MassTransit.Abstractions/Internals/Extensions/TaskExtensions.cs:line 72
   at MassTransit.Internals.TaskExtensions.<>c__DisplayClass2_0`1.<<OrCanceled>g__WaitAsync|0>d.MoveNext() in /_/src/MassTransit.Abstractions/Internals/Extensions/TaskExtensions.cs:line 72
   at MassTransit.RabbitMqTransport.ConnectionContextFactory.CreateSharedConnection(Task`1 contextTask, CancellationToken cancellationToken) in /_/src/Transports/MassTransit.RabbitMqTransport/RabbitMqTransport/ConnectionContextFactory.cs:line 74
   at MassTransit.Agents.PipeContextSupervisor`1.Send(IPipe`1 pipe, CancellationToken cancellationToken) in /_/src/MassTransit/Agents/PipeContextSupervisor.cs:line 51
   at MassTransit.Agents.PipeContextSupervisor`1.Send(IPipe`1 pipe, CancellationToken cancellationToken) in /_/src/MassTransit/Agents/PipeContextSupervisor.cs:line 51
   at MassTransit.Agents.PipeContextSupervisor`1.Send(IPipe`1 pipe, CancellationToken cancellationToken) in /_/src/MassTransit/Agents/PipeContextSupervisor.cs:line 61
   at MassTransit.Agents.PipeContextSupervisor`1.Send(IPipe`1 pipe, CancellationToken cancellationToken) in /_/src/MassTransit/Agents/PipeContextSupervisor.cs:line 61
   at MassTransit.Agents.PipeContextSupervisor`1.Send(IPipe`1 pipe, CancellationToken cancellationToken) in /_/src/MassTransit/Agents/PipeContextSupervisor.cs:line 67
   at MassTransit.Agents.PipeContextSupervisor`1.Send(IPipe`1 pipe, CancellationToken cancellationToken) in /_/src/MassTransit/Agents/PipeContextSupervisor.cs:line 67
   at MassTransit.Transports.ReceiveTransport`1.ReceiveTransportAgent.RunTransport() in /_/src/MassTransit/Transports/ReceiveTransport.cs:line 203
   at MassTransit.SupervisorExtensions.<>c__DisplayClass5_0`2.<<CreateAgent>g__HandleSupervisorTask|0>d.MoveNext() in /_/src/MassTransit/SupervisorExtensions.cs:line 139
--- End of stack trace from previous location ---
   at MassTransit.SupervisorExtensions.CreateAgent[T,TAgent](ISupervisor`1 supervisor, IAsyncPipeContextAgent`1 asyncContext, Func`3 agentFactory, CancellationToken cancellationToken) in /_/src/MassTransit/SupervisorExtensions.cs:line 158
   at MassTransit.Internals.TaskExtensions.<>c__DisplayClass2_0`1.<<OrCanceled>g__WaitAsync|0>d.MoveNext() in /_/src/MassTransit.Abstractions/Internals/Extensions/TaskExtensions.cs:line 72
--- End of stack trace from previous location ---
   at MassTransit.Internals.TaskExtensions.<>c__DisplayClass2_0`1.<<OrCanceled>g__WaitAsync|0>d.MoveNext() in /_/src/MassTransit.Abstractions/Internals/Extensions/TaskExtensions.cs:line 72
--- End of stack trace from previous location ---
   at MassTransit.RabbitMqTransport.ChannelContextFactory.CreateSharedChannel(Task`1 contextTask, CancellationToken cancellationToken) in /_/src/Transports/MassTransit.RabbitMqTransport/RabbitMqTransport/ChannelContextFactory.cs:line 79
   at MassTransit.Agents.PipeContextSupervisor`1.Send(IPipe`1 pipe, CancellationToken cancellationToken) in /_/src/MassTransit/Agents/PipeContextSupervisor.cs:line 51
   at MassTransit.Agents.PipeContextSupervisor`1.Send(IPipe`1 pipe, CancellationToken cancellationToken) in /_/src/MassTransit/Agents/PipeContextSupervisor.cs:line 61
   at MassTransit.Agents.PipeContextSupervisor`1.Send(IPipe`1 pipe, CancellationToken cancellationToken) in /_/src/MassTransit/Agents/PipeContextSupervisor.cs:line 67
   at MassTransit.Transports.ReceiveTransport`1.ReceiveTransportAgent.RunTransport() in /_/src/MassTransit/Transports/ReceiveTransport.cs:line 203
   at MassTransit.Transports.ReceiveTransport`1.ReceiveTransportAgent.RunTransport() in /_/src/MassTransit/Transports/ReceiveTransport.cs:line 208
   at MassTransit.Transports.ReceiveTransport`1.ReceiveTransportAgent.RunTransport() in /_/src/MassTransit/Transports/ReceiveTransport.cs:line 208
   at MassTransit.Transports.ReceiveTransport`1.ReceiveTransportAgent.RunTransport() in /_/src/MassTransit/Transports/ReceiveTransport.cs:line 208
   at MassTransit.Transports.ReceiveTransport`1.ReceiveTransportAgent.Run() in /_/src/MassTransit/Transports/ReceiveTransport.cs:line 145
   at MassTransit.Transports.ReceiveTransport`1.ReceiveTransportAgent.Run() in /_/src/MassTransit/Transports/ReceiveTransport.cs:line 145
   at MassTransit.Transports.ReceiveTransport`1.ReceiveTransportAgent.Run() in /_/src/MassTransit/Transports/ReceiveTransport.cs:line 145
   at MassTransit.Transports.ReceiveTransport`1.ReceiveTransportAgent.Run() in /_/src/MassTransit/Transports/ReceiveTransport.cs:line 145
   at MassTransit.Transports.ReceiveTransport`1.ReceiveTransportAgent.Run() in /_/src/MassTransit/Transports/ReceiveTransport.cs:line 145
   at MassTransit.Transports.ReceiveTransport`1.ReceiveTransportAgent.Run() in /_/src/MassTransit/Transports/ReceiveTransport.cs:line 145
2026-08-15 12:29:42 [INF] [AdminService] Retrying "00:00:07.5825697": Broker unreachable: guest@localhost:5672/
MassTransit.RabbitMqConnectionException: Broker unreachable: guest@localhost:5672/
 ---> RabbitMQ.Client.Exceptions.BrokerUnreachableException: None of the specified endpoints were reachable
 ---> System.AggregateException: One or more errors occurred. (Connection failed, host 127.0.0.1:5672)
 ---> RabbitMQ.Client.Exceptions.ConnectFailureException: Connection failed, host 127.0.0.1:5672
 ---> System.Net.Sockets.SocketException (10061): No connection could be made because the target machine actively refused it.
   at System.Net.Sockets.Socket.AwaitableSocketAsyncEventArgs.ThrowException(SocketError error, CancellationToken cancellationToken)
   at System.Net.Sockets.Socket.AwaitableSocketAsyncEventArgs.System.Threading.Tasks.Sources.IValueTaskSource.GetResult(Int16 token)
   at System.Threading.Tasks.ValueTask.ValueTaskSourceAsTask.<>c.<.cctor>b__4_0(Object state)
--- End of stack trace from previous location ---
   at RabbitMQ.Client.Impl.SocketFactory.ConnectUsingAddressFamilyAsync(IPEndPoint endpoint, Func`2 socketFactory, AddressFamily family, TimeSpan connectionTimeout, CancellationToken cancellationToken)
   --- End of inner exception stack trace ---
   at RabbitMQ.Client.Impl.SocketFactory.ConnectUsingAddressFamilyAsync(IPEndPoint endpoint, Func`2 socketFactory, AddressFamily family, TimeSpan connectionTimeout, CancellationToken cancellationToken)
   at RabbitMQ.Client.Impl.SocketFactory.OpenAsync(AmqpTcpEndpoint amqpTcpEndpoint, Func`2 socketFactory, TimeSpan connectionTimeout, CancellationToken cancellationToken)
   at RabbitMQ.Client.Impl.SocketFrameHandler.CreateAsync(AmqpTcpEndpoint amqpTcpEndpoint, Func`2 socketFactory, TimeSpan connectionTimeout, CancellationToken cancellationToken)
   at RabbitMQ.Client.ConnectionFactory.CreateFrameHandlerAsync(AmqpTcpEndpoint endpoint, CancellationToken cancellationToken)
   at RabbitMQ.Client.EndpointResolverExtensions.SelectOneAsync[T](IEndpointResolver resolver, Func`3 selector, CancellationToken cancellationToken)
   --- End of inner exception stack trace ---
   at RabbitMQ.Client.EndpointResolverExtensions.SelectOneAsync[T](IEndpointResolver resolver, Func`3 selector, CancellationToken cancellationToken)
   at RabbitMQ.Client.ConnectionFactory.CreateConnectionAsync(IEndpointResolver endpointResolver, String clientProvidedName, CancellationToken cancellationToken)
   --- End of inner exception stack trace ---
   at RabbitMQ.Client.ConnectionFactory.CreateConnectionAsync(IEndpointResolver endpointResolver, String clientProvidedName, CancellationToken cancellationToken)
   at MassTransit.RabbitMqTransport.ConnectionContextFactory.CreateConnection(ISupervisor supervisor) in /_/src/Transports/MassTransit.RabbitMqTransport/RabbitMqTransport/ConnectionContextFactory.cs:line 108
   --- End of inner exception stack trace ---
   at MassTransit.RabbitMqTransport.ConnectionContextFactory.CreateConnection(ISupervisor supervisor) in /_/src/Transports/MassTransit.RabbitMqTransport/RabbitMqTransport/ConnectionContextFactory.cs:line 135
   at MassTransit.Internals.TaskExtensions.<>c__DisplayClass2_0`1.<<OrCanceled>g__WaitAsync|0>d.MoveNext() in /_/src/MassTransit.Abstractions/Internals/Extensions/TaskExtensions.cs:line 72
   at MassTransit.Internals.TaskExtensions.<>c__DisplayClass2_0`1.<<OrCanceled>g__WaitAsync|0>d.MoveNext() in /_/src/MassTransit.Abstractions/Internals/Extensions/TaskExtensions.cs:line 72
   at MassTransit.RabbitMqTransport.ConnectionContextFactory.CreateSharedConnection(Task`1 contextTask, CancellationToken cancellationToken) in /_/src/Transports/MassTransit.RabbitMqTransport/RabbitMqTransport/ConnectionContextFactory.cs:line 74
   at MassTransit.Agents.PipeContextSupervisor`1.Send(IPipe`1 pipe, CancellationToken cancellationToken) in /_/src/MassTransit/Agents/PipeContextSupervisor.cs:line 51
   at MassTransit.Agents.PipeContextSupervisor`1.Send(IPipe`1 pipe, CancellationToken cancellationToken) in /_/src/MassTransit/Agents/PipeContextSupervisor.cs:line 51
   at MassTransit.Agents.PipeContextSupervisor`1.Send(IPipe`1 pipe, CancellationToken cancellationToken) in /_/src/MassTransit/Agents/PipeContextSupervisor.cs:line 61
   at MassTransit.Agents.PipeContextSupervisor`1.Send(IPipe`1 pipe, CancellationToken cancellationToken) in /_/src/MassTransit/Agents/PipeContextSupervisor.cs:line 61
   at MassTransit.Agents.PipeContextSupervisor`1.Send(IPipe`1 pipe, CancellationToken cancellationToken) in /_/src/MassTransit/Agents/PipeContextSupervisor.cs:line 67
   at MassTransit.Agents.PipeContextSupervisor`1.Send(IPipe`1 pipe, CancellationToken cancellationToken) in /_/src/MassTransit/Agents/PipeContextSupervisor.cs:line 67
   at MassTransit.Transports.ReceiveTransport`1.ReceiveTransportAgent.RunTransport() in /_/src/MassTransit/Transports/ReceiveTransport.cs:line 203
   at MassTransit.SupervisorExtensions.<>c__DisplayClass5_0`2.<<CreateAgent>g__HandleSupervisorTask|0>d.MoveNext() in /_/src/MassTransit/SupervisorExtensions.cs:line 139
--- End of stack trace from previous location ---
   at MassTransit.SupervisorExtensions.CreateAgent[T,TAgent](ISupervisor`1 supervisor, IAsyncPipeContextAgent`1 asyncContext, Func`3 agentFactory, CancellationToken cancellationToken) in /_/src/MassTransit/SupervisorExtensions.cs:line 158
   at MassTransit.Internals.TaskExtensions.<>c__DisplayClass2_0`1.<<OrCanceled>g__WaitAsync|0>d.MoveNext() in /_/src/MassTransit.Abstractions/Internals/Extensions/TaskExtensions.cs:line 72
--- End of stack trace from previous location ---
   at MassTransit.Internals.TaskExtensions.<>c__DisplayClass2_0`1.<<OrCanceled>g__WaitAsync|0>d.MoveNext() in /_/src/MassTransit.Abstractions/Internals/Extensions/TaskExtensions.cs:line 72
--- End of stack trace from previous location ---
   at MassTransit.RabbitMqTransport.ChannelContextFactory.CreateSharedChannel(Task`1 contextTask, CancellationToken cancellationToken) in /_/src/Transports/MassTransit.RabbitMqTransport/RabbitMqTransport/ChannelContextFactory.cs:line 79
   at MassTransit.Agents.PipeContextSupervisor`1.Send(IPipe`1 pipe, CancellationToken cancellationToken) in /_/src/MassTransit/Agents/PipeContextSupervisor.cs:line 51
   at MassTransit.Agents.PipeContextSupervisor`1.Send(IPipe`1 pipe, CancellationToken cancellationToken) in /_/src/MassTransit/Agents/PipeContextSupervisor.cs:line 61
   at MassTransit.Agents.PipeContextSupervisor`1.Send(IPipe`1 pipe, CancellationToken cancellationToken) in /_/src/MassTransit/Agents/PipeContextSupervisor.cs:line 67
   at MassTransit.Transports.ReceiveTransport`1.ReceiveTransportAgent.RunTransport() in /_/src/MassTransit/Transports/ReceiveTransport.cs:line 203
   at MassTransit.Transports.ReceiveTransport`1.ReceiveTransportAgent.RunTransport() in /_/src/MassTransit/Transports/ReceiveTransport.cs:line 208
   at MassTransit.Transports.ReceiveTransport`1.ReceiveTransportAgent.RunTransport() in /_/src/MassTransit/Transports/ReceiveTransport.cs:line 208
   at MassTransit.Transports.ReceiveTransport`1.ReceiveTransportAgent.RunTransport() in /_/src/MassTransit/Transports/ReceiveTransport.cs:line 208
   at MassTransit.Transports.ReceiveTransport`1.ReceiveTransportAgent.Run() in /_/src/MassTransit/Transports/ReceiveTransport.cs:line 145
   at MassTransit.Transports.ReceiveTransport`1.ReceiveTransportAgent.Run() in /_/src/MassTransit/Transports/ReceiveTransport.cs:line 145
   at MassTransit.Transports.ReceiveTransport`1.ReceiveTransportAgent.Run() in /_/src/MassTransit/Transports/ReceiveTransport.cs:line 145
   at MassTransit.Transports.ReceiveTransport`1.ReceiveTransportAgent.Run() in /_/src/MassTransit/Transports/ReceiveTransport.cs:line 145
   at MassTransit.Transports.ReceiveTransport`1.ReceiveTransportAgent.Run() in /_/src/MassTransit/Transports/ReceiveTransport.cs:line 145
   at MassTransit.Transports.ReceiveTransport`1.ReceiveTransportAgent.Run() in /_/src/MassTransit/Transports/ReceiveTransport.cs:line 145
2026-08-15 12:29:42 [INF] [AdminService] Retrying "00:00:06.8662917": Broker unreachable: guest@localhost:5672/
MassTransit.RabbitMqConnectionException: Broker unreachable: guest@localhost:5672/
 ---> RabbitMQ.Client.Exceptions.BrokerUnreachableException: None of the specified endpoints were reachable
 ---> System.AggregateException: One or more errors occurred. (Connection failed, host 127.0.0.1:5672)
 ---> RabbitMQ.Client.Exceptions.ConnectFailureException: Connection failed, host 127.0.0.1:5672
 ---> System.Net.Sockets.SocketException (10061): No connection could be made because the target machine actively refused it.
   at System.Net.Sockets.Socket.AwaitableSocketAsyncEventArgs.ThrowException(SocketError error, CancellationToken cancellationToken)
   at System.Net.Sockets.Socket.AwaitableSocketAsyncEventArgs.System.Threading.Tasks.Sources.IValueTaskSource.GetResult(Int16 token)
   at System.Threading.Tasks.ValueTask.ValueTaskSourceAsTask.<>c.<.cctor>b__4_0(Object state)
--- End of stack trace from previous location ---
   at RabbitMQ.Client.Impl.SocketFactory.ConnectUsingAddressFamilyAsync(IPEndPoint endpoint, Func`2 socketFactory, AddressFamily family, TimeSpan connectionTimeout, CancellationToken cancellationToken)
   --- End of inner exception stack trace ---
   at RabbitMQ.Client.Impl.SocketFactory.ConnectUsingAddressFamilyAsync(IPEndPoint endpoint, Func`2 socketFactory, AddressFamily family, TimeSpan connectionTimeout, CancellationToken cancellationToken)
   at RabbitMQ.Client.Impl.SocketFactory.OpenAsync(AmqpTcpEndpoint amqpTcpEndpoint, Func`2 socketFactory, TimeSpan connectionTimeout, CancellationToken cancellationToken)
   at RabbitMQ.Client.Impl.SocketFrameHandler.CreateAsync(AmqpTcpEndpoint amqpTcpEndpoint, Func`2 socketFactory, TimeSpan connectionTimeout, CancellationToken cancellationToken)
   at RabbitMQ.Client.ConnectionFactory.CreateFrameHandlerAsync(AmqpTcpEndpoint endpoint, CancellationToken cancellationToken)
   at RabbitMQ.Client.EndpointResolverExtensions.SelectOneAsync[T](IEndpointResolver resolver, Func`3 selector, CancellationToken cancellationToken)
   --- End of inner exception stack trace ---
   at RabbitMQ.Client.EndpointResolverExtensions.SelectOneAsync[T](IEndpointResolver resolver, Func`3 selector, CancellationToken cancellationToken)
   at RabbitMQ.Client.ConnectionFactory.CreateConnectionAsync(IEndpointResolver endpointResolver, String clientProvidedName, CancellationToken cancellationToken)
   --- End of inner exception stack trace ---
   at RabbitMQ.Client.ConnectionFactory.CreateConnectionAsync(IEndpointResolver endpointResolver, String clientProvidedName, CancellationToken cancellationToken)
   at MassTransit.RabbitMqTransport.ConnectionContextFactory.CreateConnection(ISupervisor supervisor) in /_/src/Transports/MassTransit.RabbitMqTransport/RabbitMqTransport/ConnectionContextFactory.cs:line 108
   --- End of inner exception stack trace ---
   at MassTransit.RabbitMqTransport.ConnectionContextFactory.CreateConnection(ISupervisor supervisor) in /_/src/Transports/MassTransit.RabbitMqTransport/RabbitMqTransport/ConnectionContextFactory.cs:line 135
   at MassTransit.Internals.TaskExtensions.<>c__DisplayClass2_0`1.<<OrCanceled>g__WaitAsync|0>d.MoveNext() in /_/src/MassTransit.Abstractions/Internals/Extensions/TaskExtensions.cs:line 72
   at MassTransit.Internals.TaskExtensions.<>c__DisplayClass2_0`1.<<OrCanceled>g__WaitAsync|0>d.MoveNext() in /_/src/MassTransit.Abstractions/Internals/Extensions/TaskExtensions.cs:line 72
   at MassTransit.RabbitMqTransport.ConnectionContextFactory.CreateSharedConnection(Task`1 contextTask, CancellationToken cancellationToken) in /_/src/Transports/MassTransit.RabbitMqTransport/RabbitMqTransport/ConnectionContextFactory.cs:line 74
   at MassTransit.Agents.PipeContextSupervisor`1.Send(IPipe`1 pipe, CancellationToken cancellationToken) in /_/src/MassTransit/Agents/PipeContextSupervisor.cs:line 51
   at MassTransit.Agents.PipeContextSupervisor`1.Send(IPipe`1 pipe, CancellationToken cancellationToken) in /_/src/MassTransit/Agents/PipeContextSupervisor.cs:line 51
   at MassTransit.Agents.PipeContextSupervisor`1.Send(IPipe`1 pipe, CancellationToken cancellationToken) in /_/src/MassTransit/Agents/PipeContextSupervisor.cs:line 61
   at MassTransit.Agents.PipeContextSupervisor`1.Send(IPipe`1 pipe, CancellationToken cancellationToken) in /_/src/MassTransit/Agents/PipeContextSupervisor.cs:line 61
   at MassTransit.Agents.PipeContextSupervisor`1.Send(IPipe`1 pipe, CancellationToken cancellationToken) in /_/src/MassTransit/Agents/PipeContextSupervisor.cs:line 67
   at MassTransit.Agents.PipeContextSupervisor`1.Send(IPipe`1 pipe, CancellationToken cancellationToken) in /_/src/MassTransit/Agents/PipeContextSupervisor.cs:line 67
   at MassTransit.Transports.ReceiveTransport`1.ReceiveTransportAgent.RunTransport() in /_/src/MassTransit/Transports/ReceiveTransport.cs:line 203
   at MassTransit.SupervisorExtensions.<>c__DisplayClass5_0`2.<<CreateAgent>g__HandleSupervisorTask|0>d.MoveNext() in /_/src/MassTransit/SupervisorExtensions.cs:line 139
--- End of stack trace from previous location ---
   at MassTransit.SupervisorExtensions.CreateAgent[T,TAgent](ISupervisor`1 supervisor, IAsyncPipeContextAgent`1 asyncContext, Func`3 agentFactory, CancellationToken cancellationToken) in /_/src/MassTransit/SupervisorExtensions.cs:line 158
   at MassTransit.Internals.TaskExtensions.<>c__DisplayClass2_0`1.<<OrCanceled>g__WaitAsync|0>d.MoveNext() in /_/src/MassTransit.Abstractions/Internals/Extensions/TaskExtensions.cs:line 72
--- End of stack trace from previous location ---
   at MassTransit.Internals.TaskExtensions.<>c__DisplayClass2_0`1.<<OrCanceled>g__WaitAsync|0>d.MoveNext() in /_/src/MassTransit.Abstractions/Internals/Extensions/TaskExtensions.cs:line 72
--- End of stack trace from previous location ---
   at MassTransit.RabbitMqTransport.ChannelContextFactory.CreateSharedChannel(Task`1 contextTask, CancellationToken cancellationToken) in /_/src/Transports/MassTransit.RabbitMqTransport/RabbitMqTransport/ChannelContextFactory.cs:line 79
   at MassTransit.Agents.PipeContextSupervisor`1.Send(IPipe`1 pipe, CancellationToken cancellationToken) in /_/src/MassTransit/Agents/PipeContextSupervisor.cs:line 51
   at MassTransit.Agents.PipeContextSupervisor`1.Send(IPipe`1 pipe, CancellationToken cancellationToken) in /_/src/MassTransit/Agents/PipeContextSupervisor.cs:line 61
   at MassTransit.Agents.PipeContextSupervisor`1.Send(IPipe`1 pipe, CancellationToken cancellationToken) in /_/src/MassTransit/Agents/PipeContextSupervisor.cs:line 67
   at MassTransit.Transports.ReceiveTransport`1.ReceiveTransportAgent.RunTransport() in /_/src/MassTransit/Transports/ReceiveTransport.cs:line 203
   at MassTransit.Transports.ReceiveTransport`1.ReceiveTransportAgent.RunTransport() in /_/src/MassTransit/Transports/ReceiveTransport.cs:line 208
   at MassTransit.Transports.ReceiveTransport`1.ReceiveTransportAgent.RunTransport() in /_/src/MassTransit/Transports/ReceiveTransport.cs:line 208
   at MassTransit.Transports.ReceiveTransport`1.ReceiveTransportAgent.RunTransport() in /_/src/MassTransit/Transports/ReceiveTransport.cs:line 208
   at MassTransit.Transports.ReceiveTransport`1.ReceiveTransportAgent.Run() in /_/src/MassTransit/Transports/ReceiveTransport.cs:line 145
   at MassTransit.Transports.ReceiveTransport`1.ReceiveTransportAgent.Run() in /_/src/MassTransit/Transports/ReceiveTransport.cs:line 145
   at MassTransit.Transports.ReceiveTransport`1.ReceiveTransportAgent.Run() in /_/src/MassTransit/Transports/ReceiveTransport.cs:line 145
   at MassTransit.Transports.ReceiveTransport`1.ReceiveTransportAgent.Run() in /_/src/MassTransit/Transports/ReceiveTransport.cs:line 145
   at MassTransit.Transports.ReceiveTransport`1.ReceiveTransportAgent.Run() in /_/src/MassTransit/Transports/ReceiveTransport.cs:line 145
   at MassTransit.Transports.ReceiveTransport`1.ReceiveTransportAgent.Run() in /_/src/MassTransit/Transports/ReceiveTransport.cs:line 145
2026-08-15 12:29:42 [INF] [AdminService] Retrying "00:00:07.9812777": Broker unreachable: guest@localhost:5672/
MassTransit.RabbitMqConnectionException: Broker unreachable: guest@localhost:5672/
 ---> RabbitMQ.Client.Exceptions.BrokerUnreachableException: None of the specified endpoints were reachable
 ---> System.AggregateException: One or more errors occurred. (Connection failed, host 127.0.0.1:5672)
 ---> RabbitMQ.Client.Exceptions.ConnectFailureException: Connection failed, host 127.0.0.1:5672
 ---> System.Net.Sockets.SocketException (10061): No connection could be made because the target machine actively refused it.
   at System.Net.Sockets.Socket.AwaitableSocketAsyncEventArgs.ThrowException(SocketError error, CancellationToken cancellationToken)
   at System.Net.Sockets.Socket.AwaitableSocketAsyncEventArgs.System.Threading.Tasks.Sources.IValueTaskSource.GetResult(Int16 token)
   at System.Threading.Tasks.ValueTask.ValueTaskSourceAsTask.<>c.<.cctor>b__4_0(Object state)
--- End of stack trace from previous location ---
   at RabbitMQ.Client.Impl.SocketFactory.ConnectUsingAddressFamilyAsync(IPEndPoint endpoint, Func`2 socketFactory, AddressFamily family, TimeSpan connectionTimeout, CancellationToken cancellationToken)
   --- End of inner exception stack trace ---
   at RabbitMQ.Client.Impl.SocketFactory.ConnectUsingAddressFamilyAsync(IPEndPoint endpoint, Func`2 socketFactory, AddressFamily family, TimeSpan connectionTimeout, CancellationToken cancellationToken)
   at RabbitMQ.Client.Impl.SocketFactory.OpenAsync(AmqpTcpEndpoint amqpTcpEndpoint, Func`2 socketFactory, TimeSpan connectionTimeout, CancellationToken cancellationToken)
   at RabbitMQ.Client.Impl.SocketFrameHandler.CreateAsync(AmqpTcpEndpoint amqpTcpEndpoint, Func`2 socketFactory, TimeSpan connectionTimeout, CancellationToken cancellationToken)
   at RabbitMQ.Client.ConnectionFactory.CreateFrameHandlerAsync(AmqpTcpEndpoint endpoint, CancellationToken cancellationToken)
   at RabbitMQ.Client.EndpointResolverExtensions.SelectOneAsync[T](IEndpointResolver resolver, Func`3 selector, CancellationToken cancellationToken)
   --- End of inner exception stack trace ---
   at RabbitMQ.Client.EndpointResolverExtensions.SelectOneAsync[T](IEndpointResolver resolver, Func`3 selector, CancellationToken cancellationToken)
   at RabbitMQ.Client.ConnectionFactory.CreateConnectionAsync(IEndpointResolver endpointResolver, String clientProvidedName, CancellationToken cancellationToken)
   --- End of inner exception stack trace ---
   at RabbitMQ.Client.ConnectionFactory.CreateConnectionAsync(IEndpointResolver endpointResolver, String clientProvidedName, CancellationToken cancellationToken)
   at MassTransit.RabbitMqTransport.ConnectionContextFactory.CreateConnection(ISupervisor supervisor) in /_/src/Transports/MassTransit.RabbitMqTransport/RabbitMqTransport/ConnectionContextFactory.cs:line 108
   --- End of inner exception stack trace ---
   at MassTransit.RabbitMqTransport.ConnectionContextFactory.CreateConnection(ISupervisor supervisor) in /_/src/Transports/MassTransit.RabbitMqTransport/RabbitMqTransport/ConnectionContextFactory.cs:line 135
   at MassTransit.Internals.TaskExtensions.<>c__DisplayClass2_0`1.<<OrCanceled>g__WaitAsync|0>d.MoveNext() in /_/src/MassTransit.Abstractions/Internals/Extensions/TaskExtensions.cs:line 72
   at MassTransit.Internals.TaskExtensions.<>c__DisplayClass2_0`1.<<OrCanceled>g__WaitAsync|0>d.MoveNext() in /_/src/MassTransit.Abstractions/Internals/Extensions/TaskExtensions.cs:line 72
   at MassTransit.RabbitMqTransport.ConnectionContextFactory.CreateSharedConnection(Task`1 contextTask, CancellationToken cancellationToken) in /_/src/Transports/MassTransit.RabbitMqTransport/RabbitMqTransport/ConnectionContextFactory.cs:line 74
   at MassTransit.Agents.PipeContextSupervisor`1.Send(IPipe`1 pipe, CancellationToken cancellationToken) in /_/src/MassTransit/Agents/PipeContextSupervisor.cs:line 51
   at MassTransit.Agents.PipeContextSupervisor`1.Send(IPipe`1 pipe, CancellationToken cancellationToken) in /_/src/MassTransit/Agents/PipeContextSupervisor.cs:line 51
   at MassTransit.Agents.PipeContextSupervisor`1.Send(IPipe`1 pipe, CancellationToken cancellationToken) in /_/src/MassTransit/Agents/PipeContextSupervisor.cs:line 61
   at MassTransit.Agents.PipeContextSupervisor`1.Send(IPipe`1 pipe, CancellationToken cancellationToken) in /_/src/MassTransit/Agents/PipeContextSupervisor.cs:line 61
   at MassTransit.Agents.PipeContextSupervisor`1.Send(IPipe`1 pipe, CancellationToken cancellationToken) in /_/src/MassTransit/Agents/PipeContextSupervisor.cs:line 67
   at MassTransit.Agents.PipeContextSupervisor`1.Send(IPipe`1 pipe, CancellationToken cancellationToken) in /_/src/MassTransit/Agents/PipeContextSupervisor.cs:line 67
   at MassTransit.Transports.ReceiveTransport`1.ReceiveTransportAgent.RunTransport() in /_/src/MassTransit/Transports/ReceiveTransport.cs:line 203
   at MassTransit.SupervisorExtensions.<>c__DisplayClass5_0`2.<<CreateAgent>g__HandleSupervisorTask|0>d.MoveNext() in /_/src/MassTransit/SupervisorExtensions.cs:line 139
--- End of stack trace from previous location ---
   at MassTransit.SupervisorExtensions.CreateAgent[T,TAgent](ISupervisor`1 supervisor, IAsyncPipeContextAgent`1 asyncContext, Func`3 agentFactory, CancellationToken cancellationToken) in /_/src/MassTransit/SupervisorExtensions.cs:line 158
   at MassTransit.Internals.TaskExtensions.<>c__DisplayClass2_0`1.<<OrCanceled>g__WaitAsync|0>d.MoveNext() in /_/src/MassTransit.Abstractions/Internals/Extensions/TaskExtensions.cs:line 72
--- End of stack trace from previous location ---
   at MassTransit.Internals.TaskExtensions.<>c__DisplayClass2_0`1.<<OrCanceled>g__WaitAsync|0>d.MoveNext() in /_/src/MassTransit.Abstractions/Internals/Extensions/TaskExtensions.cs:line 72
--- End of stack trace from previous location ---
   at MassTransit.RabbitMqTransport.ChannelContextFactory.CreateSharedChannel(Task`1 contextTask, CancellationToken cancellationToken) in /_/src/Transports/MassTransit.RabbitMqTransport/RabbitMqTransport/ChannelContextFactory.cs:line 79
   at MassTransit.Agents.PipeContextSupervisor`1.Send(IPipe`1 pipe, CancellationToken cancellationToken) in /_/src/MassTransit/Agents/PipeContextSupervisor.cs:line 51
   at MassTransit.Agents.PipeContextSupervisor`1.Send(IPipe`1 pipe, CancellationToken cancellationToken) in /_/src/MassTransit/Agents/PipeContextSupervisor.cs:line 61
   at MassTransit.Agents.PipeContextSupervisor`1.Send(IPipe`1 pipe, CancellationToken cancellationToken) in /_/src/MassTransit/Agents/PipeContextSupervisor.cs:line 67
   at MassTransit.Transports.ReceiveTransport`1.ReceiveTransportAgent.RunTransport() in /_/src/MassTransit/Transports/ReceiveTransport.cs:line 203
   at MassTransit.Transports.ReceiveTransport`1.ReceiveTransportAgent.RunTransport() in /_/src/MassTransit/Transports/ReceiveTransport.cs:line 208
   at MassTransit.Transports.ReceiveTransport`1.ReceiveTransportAgent.RunTransport() in /_/src/MassTransit/Transports/ReceiveTransport.cs:line 208
   at MassTransit.Transports.ReceiveTransport`1.ReceiveTransportAgent.RunTransport() in /_/src/MassTransit/Transports/ReceiveTransport.cs:line 208
   at MassTransit.Transports.ReceiveTransport`1.ReceiveTransportAgent.Run() in /_/src/MassTransit/Transports/ReceiveTransport.cs:line 145
   at MassTransit.Transports.ReceiveTransport`1.ReceiveTransportAgent.Run() in /_/src/MassTransit/Transports/ReceiveTransport.cs:line 145
   at MassTransit.Transports.ReceiveTransport`1.ReceiveTransportAgent.Run() in /_/src/MassTransit/Transports/ReceiveTransport.cs:line 145
   at MassTransit.Transports.ReceiveTransport`1.ReceiveTransportAgent.Run() in /_/src/MassTransit/Transports/ReceiveTransport.cs:line 145
   at MassTransit.Transports.ReceiveTransport`1.ReceiveTransportAgent.Run() in /_/src/MassTransit/Transports/ReceiveTransport.cs:line 145
   at MassTransit.Transports.ReceiveTransport`1.ReceiveTransportAgent.Run() in /_/src/MassTransit/Transports/ReceiveTransport.cs:line 145
2026-08-15 12:29:42 [INF] [AdminService] Retrying "00:00:07.6138715": Broker unreachable: guest@localhost:5672/
MassTransit.RabbitMqConnectionException: Broker unreachable: guest@localhost:5672/
 ---> RabbitMQ.Client.Exceptions.BrokerUnreachableException: None of the specified endpoints were reachable
 ---> System.AggregateException: One or more errors occurred. (Connection failed, host 127.0.0.1:5672)
 ---> RabbitMQ.Client.Exceptions.ConnectFailureException: Connection failed, host 127.0.0.1:5672
 ---> System.Net.Sockets.SocketException (10061): No connection could be made because the target machine actively refused it.
   at System.Net.Sockets.Socket.AwaitableSocketAsyncEventArgs.ThrowException(SocketError error, CancellationToken cancellationToken)
   at System.Net.Sockets.Socket.AwaitableSocketAsyncEventArgs.System.Threading.Tasks.Sources.IValueTaskSource.GetResult(Int16 token)
   at System.Threading.Tasks.ValueTask.ValueTaskSourceAsTask.<>c.<.cctor>b__4_0(Object state)
--- End of stack trace from previous location ---
   at RabbitMQ.Client.Impl.SocketFactory.ConnectUsingAddressFamilyAsync(IPEndPoint endpoint, Func`2 socketFactory, AddressFamily family, TimeSpan connectionTimeout, CancellationToken cancellationToken)
   --- End of inner exception stack trace ---
   at RabbitMQ.Client.Impl.SocketFactory.ConnectUsingAddressFamilyAsync(IPEndPoint endpoint, Func`2 socketFactory, AddressFamily family, TimeSpan connectionTimeout, CancellationToken cancellationToken)
   at RabbitMQ.Client.Impl.SocketFactory.OpenAsync(AmqpTcpEndpoint amqpTcpEndpoint, Func`2 socketFactory, TimeSpan connectionTimeout, CancellationToken cancellationToken)
   at RabbitMQ.Client.Impl.SocketFrameHandler.CreateAsync(AmqpTcpEndpoint amqpTcpEndpoint, Func`2 socketFactory, TimeSpan connectionTimeout, CancellationToken cancellationToken)
   at RabbitMQ.Client.ConnectionFactory.CreateFrameHandlerAsync(AmqpTcpEndpoint endpoint, CancellationToken cancellationToken)
   at RabbitMQ.Client.EndpointResolverExtensions.SelectOneAsync[T](IEndpointResolver resolver, Func`3 selector, CancellationToken cancellationToken)
   --- End of inner exception stack trace ---
   at RabbitMQ.Client.EndpointResolverExtensions.SelectOneAsync[T](IEndpointResolver resolver, Func`3 selector, CancellationToken cancellationToken)
   at RabbitMQ.Client.ConnectionFactory.CreateConnectionAsync(IEndpointResolver endpointResolver, String clientProvidedName, CancellationToken cancellationToken)
   --- End of inner exception stack trace ---
   at RabbitMQ.Client.ConnectionFactory.CreateConnectionAsync(IEndpointResolver endpointResolver, String clientProvidedName, CancellationToken cancellationToken)
   at MassTransit.RabbitMqTransport.ConnectionContextFactory.CreateConnection(ISupervisor supervisor) in /_/src/Transports/MassTransit.RabbitMqTransport/RabbitMqTransport/ConnectionContextFactory.cs:line 108
   --- End of inner exception stack trace ---
   at MassTransit.RabbitMqTransport.ConnectionContextFactory.CreateConnection(ISupervisor supervisor) in /_/src/Transports/MassTransit.RabbitMqTransport/RabbitMqTransport/ConnectionContextFactory.cs:line 135
   at MassTransit.Internals.TaskExtensions.<>c__DisplayClass2_0`1.<<OrCanceled>g__WaitAsync|0>d.MoveNext() in /_/src/MassTransit.Abstractions/Internals/Extensions/TaskExtensions.cs:line 72
   at MassTransit.Internals.TaskExtensions.<>c__DisplayClass2_0`1.<<OrCanceled>g__WaitAsync|0>d.MoveNext() in /_/src/MassTransit.Abstractions/Internals/Extensions/TaskExtensions.cs:line 72
   at MassTransit.RabbitMqTransport.ConnectionContextFactory.CreateSharedConnection(Task`1 contextTask, CancellationToken cancellationToken) in /_/src/Transports/MassTransit.RabbitMqTransport/RabbitMqTransport/ConnectionContextFactory.cs:line 74
   at MassTransit.Agents.PipeContextSupervisor`1.Send(IPipe`1 pipe, CancellationToken cancellationToken) in /_/src/MassTransit/Agents/PipeContextSupervisor.cs:line 51
   at MassTransit.Agents.PipeContextSupervisor`1.Send(IPipe`1 pipe, CancellationToken cancellationToken) in /_/src/MassTransit/Agents/PipeContextSupervisor.cs:line 51
   at MassTransit.Agents.PipeContextSupervisor`1.Send(IPipe`1 pipe, CancellationToken cancellationToken) in /_/src/MassTransit/Agents/PipeContextSupervisor.cs:line 61
   at MassTransit.Agents.PipeContextSupervisor`1.Send(IPipe`1 pipe, CancellationToken cancellationToken) in /_/src/MassTransit/Agents/PipeContextSupervisor.cs:line 61
   at MassTransit.Agents.PipeContextSupervisor`1.Send(IPipe`1 pipe, CancellationToken cancellationToken) in /_/src/MassTransit/Agents/PipeContextSupervisor.cs:line 67
   at MassTransit.Agents.PipeContextSupervisor`1.Send(IPipe`1 pipe, CancellationToken cancellationToken) in /_/src/MassTransit/Agents/PipeContextSupervisor.cs:line 67
   at MassTransit.Transports.ReceiveTransport`1.ReceiveTransportAgent.RunTransport() in /_/src/MassTransit/Transports/ReceiveTransport.cs:line 203
   at MassTransit.SupervisorExtensions.<>c__DisplayClass5_0`2.<<CreateAgent>g__HandleSupervisorTask|0>d.MoveNext() in /_/src/MassTransit/SupervisorExtensions.cs:line 139
--- End of stack trace from previous location ---
   at MassTransit.SupervisorExtensions.CreateAgent[T,TAgent](ISupervisor`1 supervisor, IAsyncPipeContextAgent`1 asyncContext, Func`3 agentFactory, CancellationToken cancellationToken) in /_/src/MassTransit/SupervisorExtensions.cs:line 158
   at MassTransit.Internals.TaskExtensions.<>c__DisplayClass2_0`1.<<OrCanceled>g__WaitAsync|0>d.MoveNext() in /_/src/MassTransit.Abstractions/Internals/Extensions/TaskExtensions.cs:line 72
--- End of stack trace from previous location ---
   at MassTransit.Internals.TaskExtensions.<>c__DisplayClass2_0`1.<<OrCanceled>g__WaitAsync|0>d.MoveNext() in /_/src/MassTransit.Abstractions/Internals/Extensions/TaskExtensions.cs:line 72
--- End of stack trace from previous location ---
   at MassTransit.RabbitMqTransport.ChannelContextFactory.CreateSharedChannel(Task`1 contextTask, CancellationToken cancellationToken) in /_/src/Transports/MassTransit.RabbitMqTransport/RabbitMqTransport/ChannelContextFactory.cs:line 79
   at MassTransit.Agents.PipeContextSupervisor`1.Send(IPipe`1 pipe, CancellationToken cancellationToken) in /_/src/MassTransit/Agents/PipeContextSupervisor.cs:line 51
   at MassTransit.Agents.PipeContextSupervisor`1.Send(IPipe`1 pipe, CancellationToken cancellationToken) in /_/src/MassTransit/Agents/PipeContextSupervisor.cs:line 61
   at MassTransit.Agents.PipeContextSupervisor`1.Send(IPipe`1 pipe, CancellationToken cancellationToken) in /_/src/MassTransit/Agents/PipeContextSupervisor.cs:line 67
   at MassTransit.Transports.ReceiveTransport`1.ReceiveTransportAgent.RunTransport() in /_/src/MassTransit/Transports/ReceiveTransport.cs:line 203
   at MassTransit.Transports.ReceiveTransport`1.ReceiveTransportAgent.RunTransport() in /_/src/MassTransit/Transports/ReceiveTransport.cs:line 208
   at MassTransit.Transports.ReceiveTransport`1.ReceiveTransportAgent.RunTransport() in /_/src/MassTransit/Transports/ReceiveTransport.cs:line 208
   at MassTransit.Transports.ReceiveTransport`1.ReceiveTransportAgent.RunTransport() in /_/src/MassTransit/Transports/ReceiveTransport.cs:line 208
   at MassTransit.Transports.ReceiveTransport`1.ReceiveTransportAgent.Run() in /_/src/MassTransit/Transports/ReceiveTransport.cs:line 145
   at MassTransit.Transports.ReceiveTransport`1.ReceiveTransportAgent.Run() in /_/src/MassTransit/Transports/ReceiveTransport.cs:line 145
   at MassTransit.Transports.ReceiveTransport`1.ReceiveTransportAgent.Run() in /_/src/MassTransit/Transports/ReceiveTransport.cs:line 145
   at MassTransit.Transports.ReceiveTransport`1.ReceiveTransportAgent.Run() in /_/src/MassTransit/Transports/ReceiveTransport.cs:line 145
   at MassTransit.Transports.ReceiveTransport`1.ReceiveTransportAgent.Run() in /_/src/MassTransit/Transports/ReceiveTransport.cs:line 145
   at MassTransit.Transports.ReceiveTransport`1.ReceiveTransportAgent.Run() in /_/src/MassTransit/Transports/ReceiveTransport.cs:line 145
2026-08-15 12:29:42 [INF] [AdminService] Retrying "00:00:07.0064521": Broker unreachable: guest@localhost:5672/
MassTransit.RabbitMqConnectionException: Broker unreachable: guest@localhost:5672/
 ---> RabbitMQ.Client.Exceptions.BrokerUnreachableException: None of the specified endpoints were reachable
 ---> System.AggregateException: One or more errors occurred. (Connection failed, host 127.0.0.1:5672)
 ---> RabbitMQ.Client.Exceptions.ConnectFailureException: Connection failed, host 127.0.0.1:5672
 ---> System.Net.Sockets.SocketException (10061): No connection could be made because the target machine actively refused it.
   at System.Net.Sockets.Socket.AwaitableSocketAsyncEventArgs.ThrowException(SocketError error, CancellationToken cancellationToken)
   at System.Net.Sockets.Socket.AwaitableSocketAsyncEventArgs.System.Threading.Tasks.Sources.IValueTaskSource.GetResult(Int16 token)
   at System.Threading.Tasks.ValueTask.ValueTaskSourceAsTask.<>c.<.cctor>b__4_0(Object state)
--- End of stack trace from previous location ---
   at RabbitMQ.Client.Impl.SocketFactory.ConnectUsingAddressFamilyAsync(IPEndPoint endpoint, Func`2 socketFactory, AddressFamily family, TimeSpan connectionTimeout, CancellationToken cancellationToken)
   --- End of inner exception stack trace ---
   at RabbitMQ.Client.Impl.SocketFactory.ConnectUsingAddressFamilyAsync(IPEndPoint endpoint, Func`2 socketFactory, AddressFamily family, TimeSpan connectionTimeout, CancellationToken cancellationToken)
   at RabbitMQ.Client.Impl.SocketFactory.OpenAsync(AmqpTcpEndpoint amqpTcpEndpoint, Func`2 socketFactory, TimeSpan connectionTimeout, CancellationToken cancellationToken)
   at RabbitMQ.Client.Impl.SocketFrameHandler.CreateAsync(AmqpTcpEndpoint amqpTcpEndpoint, Func`2 socketFactory, TimeSpan connectionTimeout, CancellationToken cancellationToken)
   at RabbitMQ.Client.ConnectionFactory.CreateFrameHandlerAsync(AmqpTcpEndpoint endpoint, CancellationToken cancellationToken)
   at RabbitMQ.Client.EndpointResolverExtensions.SelectOneAsync[T](IEndpointResolver resolver, Func`3 selector, CancellationToken cancellationToken)
   --- End of inner exception stack trace ---
   at RabbitMQ.Client.EndpointResolverExtensions.SelectOneAsync[T](IEndpointResolver resolver, Func`3 selector, CancellationToken cancellationToken)
   at RabbitMQ.Client.ConnectionFactory.CreateConnectionAsync(IEndpointResolver endpointResolver, String clientProvidedName, CancellationToken cancellationToken)
   --- End of inner exception stack trace ---
   at RabbitMQ.Client.ConnectionFactory.CreateConnectionAsync(IEndpointResolver endpointResolver, String clientProvidedName, CancellationToken cancellationToken)
   at MassTransit.RabbitMqTransport.ConnectionContextFactory.CreateConnection(ISupervisor supervisor) in /_/src/Transports/MassTransit.RabbitMqTransport/RabbitMqTransport/ConnectionContextFactory.cs:line 108
   --- End of inner exception stack trace ---
   at MassTransit.RabbitMqTransport.ConnectionContextFactory.CreateConnection(ISupervisor supervisor) in /_/src/Transports/MassTransit.RabbitMqTransport/RabbitMqTransport/ConnectionContextFactory.cs:line 135
   at MassTransit.Internals.TaskExtensions.<>c__DisplayClass2_0`1.<<OrCanceled>g__WaitAsync|0>d.MoveNext() in /_/src/MassTransit.Abstractions/Internals/Extensions/TaskExtensions.cs:line 72
   at MassTransit.Internals.TaskExtensions.<>c__DisplayClass2_0`1.<<OrCanceled>g__WaitAsync|0>d.MoveNext() in /_/src/MassTransit.Abstractions/Internals/Extensions/TaskExtensions.cs:line 72
   at MassTransit.RabbitMqTransport.ConnectionContextFactory.CreateSharedConnection(Task`1 contextTask, CancellationToken cancellationToken) in /_/src/Transports/MassTransit.RabbitMqTransport/RabbitMqTransport/ConnectionContextFactory.cs:line 74
   at MassTransit.Agents.PipeContextSupervisor`1.Send(IPipe`1 pipe, CancellationToken cancellationToken) in /_/src/MassTransit/Agents/PipeContextSupervisor.cs:line 51
   at MassTransit.Agents.PipeContextSupervisor`1.Send(IPipe`1 pipe, CancellationToken cancellationToken) in /_/src/MassTransit/Agents/PipeContextSupervisor.cs:line 51
   at MassTransit.Agents.PipeContextSupervisor`1.Send(IPipe`1 pipe, CancellationToken cancellationToken) in /_/src/MassTransit/Agents/PipeContextSupervisor.cs:line 61
   at MassTransit.Agents.PipeContextSupervisor`1.Send(IPipe`1 pipe, CancellationToken cancellationToken) in /_/src/MassTransit/Agents/PipeContextSupervisor.cs:line 61
   at MassTransit.Agents.PipeContextSupervisor`1.Send(IPipe`1 pipe, CancellationToken cancellationToken) in /_/src/MassTransit/Agents/PipeContextSupervisor.cs:line 67
   at MassTransit.Agents.PipeContextSupervisor`1.Send(IPipe`1 pipe, CancellationToken cancellationToken) in /_/src/MassTransit/Agents/PipeContextSupervisor.cs:line 67
   at MassTransit.Transports.ReceiveTransport`1.ReceiveTransportAgent.RunTransport() in /_/src/MassTransit/Transports/ReceiveTransport.cs:line 203
   at MassTransit.SupervisorExtensions.<>c__DisplayClass5_0`2.<<CreateAgent>g__HandleSupervisorTask|0>d.MoveNext() in /_/src/MassTransit/SupervisorExtensions.cs:line 139
--- End of stack trace from previous location ---
   at MassTransit.SupervisorExtensions.CreateAgent[T,TAgent](ISupervisor`1 supervisor, IAsyncPipeContextAgent`1 asyncContext, Func`3 agentFactory, CancellationToken cancellationToken) in /_/src/MassTransit/SupervisorExtensions.cs:line 158
   at MassTransit.Internals.TaskExtensions.<>c__DisplayClass2_0`1.<<OrCanceled>g__WaitAsync|0>d.MoveNext() in /_/src/MassTransit.Abstractions/Internals/Extensions/TaskExtensions.cs:line 72
--- End of stack trace from previous location ---
   at MassTransit.Internals.TaskExtensions.<>c__DisplayClass2_0`1.<<OrCanceled>g__WaitAsync|0>d.MoveNext() in /_/src/MassTransit.Abstractions/Internals/Extensions/TaskExtensions.cs:line 72
--- End of stack trace from previous location ---
   at MassTransit.RabbitMqTransport.ChannelContextFactory.CreateSharedChannel(Task`1 contextTask, CancellationToken cancellationToken) in /_/src/Transports/MassTransit.RabbitMqTransport/RabbitMqTransport/ChannelContextFactory.cs:line 79
   at MassTransit.Agents.PipeContextSupervisor`1.Send(IPipe`1 pipe, CancellationToken cancellationToken) in /_/src/MassTransit/Agents/PipeContextSupervisor.cs:line 51
   at MassTransit.Agents.PipeContextSupervisor`1.Send(IPipe`1 pipe, CancellationToken cancellationToken) in /_/src/MassTransit/Agents/PipeContextSupervisor.cs:line 61
   at MassTransit.Agents.PipeContextSupervisor`1.Send(IPipe`1 pipe, CancellationToken cancellationToken) in /_/src/MassTransit/Agents/PipeContextSupervisor.cs:line 67
   at MassTransit.Transports.ReceiveTransport`1.ReceiveTransportAgent.RunTransport() in /_/src/MassTransit/Transports/ReceiveTransport.cs:line 203
   at MassTransit.Transports.ReceiveTransport`1.ReceiveTransportAgent.RunTransport() in /_/src/MassTransit/Transports/ReceiveTransport.cs:line 208
   at MassTransit.Transports.ReceiveTransport`1.ReceiveTransportAgent.RunTransport() in /_/src/MassTransit/Transports/ReceiveTransport.cs:line 208
   at MassTransit.Transports.ReceiveTransport`1.ReceiveTransportAgent.RunTransport() in /_/src/MassTransit/Transports/ReceiveTransport.cs:line 208
   at MassTransit.Transports.ReceiveTransport`1.ReceiveTransportAgent.Run() in /_/src/MassTransit/Transports/ReceiveTransport.cs:line 145
   at MassTransit.Transports.ReceiveTransport`1.ReceiveTransportAgent.Run() in /_/src/MassTransit/Transports/ReceiveTransport.cs:line 145
   at MassTransit.Transports.ReceiveTransport`1.ReceiveTransportAgent.Run() in /_/src/MassTransit/Transports/ReceiveTransport.cs:line 145
   at MassTransit.Transports.ReceiveTransport`1.ReceiveTransportAgent.Run() in /_/src/MassTransit/Transports/ReceiveTransport.cs:line 145
   at MassTransit.Transports.ReceiveTransport`1.ReceiveTransportAgent.Run() in /_/src/MassTransit/Transports/ReceiveTransport.cs:line 145
   at MassTransit.Transports.ReceiveTransport`1.ReceiveTransportAgent.Run() in /_/src/MassTransit/Transports/ReceiveTransport.cs:line 145
2026-08-15 12:33:51 [INF] [AdminService] Configured endpoint admin-shipment-delivered, Consumer: SmartShip.Admin.Infrastructure.Consumers.ShipmentDeliveredConsumer
2026-08-15 12:33:51 [INF] [AdminService] Configured endpoint admin-user-created, Consumer: SmartShip.Admin.Infrastructure.Consumers.UserCreatedConsumer
2026-08-15 12:33:51 [INF] [AdminService] Configured endpoint admin-user-deleted, Consumer: SmartShip.Admin.Infrastructure.Consumers.UserDeletedConsumer
2026-08-15 12:33:51 [INF] [AdminService] Configured endpoint admin-shipment-created, Consumer: SmartShip.Admin.Infrastructure.Consumers.ShipmentCreatedMetricsConsumer
2026-08-15 12:33:51 [INF] [AdminService] Configured endpoint admin-shipment-cancelled, Consumer: SmartShip.Admin.Infrastructure.Consumers.ShipmentCancelledConsumer
2026-08-15 12:33:52 [INF] [AdminService] Bus started: "rabbitmq://localhost/"
2026-08-15 20:03:09 [INF] [AdminService] Configured endpoint admin-shipment-delivered, Consumer: SmartShip.Admin.Infrastructure.Consumers.ShipmentDeliveredConsumer
2026-08-15 20:03:09 [INF] [AdminService] Configured endpoint admin-user-created, Consumer: SmartShip.Admin.Infrastructure.Consumers.UserCreatedConsumer
2026-08-15 20:03:09 [INF] [AdminService] Configured endpoint admin-user-deleted, Consumer: SmartShip.Admin.Infrastructure.Consumers.UserDeletedConsumer
2026-08-15 20:03:09 [INF] [AdminService] Configured endpoint admin-shipment-created, Consumer: SmartShip.Admin.Infrastructure.Consumers.ShipmentCreatedMetricsConsumer
2026-08-15 20:03:09 [INF] [AdminService] Configured endpoint admin-shipment-cancelled, Consumer: SmartShip.Admin.Infrastructure.Consumers.ShipmentCancelledConsumer
2026-08-15 20:03:10 [INF] [AdminService] Bus started: "rabbitmq://localhost/"
2026-08-15 20:45:09 [INF] [AdminService] Configured endpoint admin-shipment-delivered, Consumer: SmartShip.Admin.Infrastructure.Consumers.ShipmentDeliveredConsumer
2026-08-15 20:45:09 [INF] [AdminService] Configured endpoint admin-user-created, Consumer: SmartShip.Admin.Infrastructure.Consumers.UserCreatedConsumer
2026-08-15 20:45:09 [INF] [AdminService] Configured endpoint admin-user-deleted, Consumer: SmartShip.Admin.Infrastructure.Consumers.UserDeletedConsumer
2026-08-15 20:45:09 [INF] [AdminService] Configured endpoint admin-shipment-created, Consumer: SmartShip.Admin.Infrastructure.Consumers.ShipmentCreatedMetricsConsumer
2026-08-15 20:45:09 [INF] [AdminService] Configured endpoint admin-shipment-cancelled, Consumer: SmartShip.Admin.Infrastructure.Consumers.ShipmentCancelledConsumer
2026-08-15 20:45:10 [INF] [AdminService] Bus started: "rabbitmq://localhost/"
2026-08-15 20:56:40 [INF] [AdminService] HTTP GET /swagger/v1/swagger.json → 200 in 18.8393ms
2026-08-15 21:02:55 [INF] [AdminService] HTTP GET /swagger/v1/swagger.json → 200 in 32.5353ms
2026-08-15 22:13:46 [INF] [AdminService] Configured endpoint admin-shipment-delivered, Consumer: SmartShip.Admin.Infrastructure.Consumers.ShipmentDeliveredConsumer
2026-08-15 22:13:46 [INF] [AdminService] Configured endpoint admin-user-created, Consumer: SmartShip.Admin.Infrastructure.Consumers.UserCreatedConsumer
2026-08-15 22:13:46 [INF] [AdminService] Configured endpoint admin-user-deleted, Consumer: SmartShip.Admin.Infrastructure.Consumers.UserDeletedConsumer
2026-08-15 22:13:46 [INF] [AdminService] Configured endpoint admin-shipment-created, Consumer: SmartShip.Admin.Infrastructure.Consumers.ShipmentCreatedMetricsConsumer
2026-08-15 22:13:46 [INF] [AdminService] Configured endpoint admin-shipment-cancelled, Consumer: SmartShip.Admin.Infrastructure.Consumers.ShipmentCancelledConsumer
2026-08-15 22:13:47 [INF] [AdminService] Bus started: "rabbitmq://localhost/"
2026-08-15 22:28:36 [INF] [AdminService] Configured endpoint admin-shipment-delivered, Consumer: SmartShip.Admin.Infrastructure.Consumers.ShipmentDeliveredConsumer
2026-08-15 22:28:36 [INF] [AdminService] Configured endpoint admin-user-created, Consumer: SmartShip.Admin.Infrastructure.Consumers.UserCreatedConsumer
2026-08-15 22:28:36 [INF] [AdminService] Configured endpoint admin-user-deleted, Consumer: SmartShip.Admin.Infrastructure.Consumers.UserDeletedConsumer
2026-08-15 22:28:36 [INF] [AdminService] Configured endpoint admin-shipment-created, Consumer: SmartShip.Admin.Infrastructure.Consumers.ShipmentCreatedMetricsConsumer
2026-08-15 22:28:37 [INF] [AdminService] Configured endpoint admin-shipment-cancelled, Consumer: SmartShip.Admin.Infrastructure.Consumers.ShipmentCancelledConsumer
2026-08-15 22:28:37 [INF] [AdminService] Bus started: "rabbitmq://localhost/"
2026-08-15 22:44:11 [INF] [AdminService] Configured endpoint admin-shipment-delivered, Consumer: SmartShip.Admin.Infrastructure.Consumers.ShipmentDeliveredConsumer
2026-08-15 22:44:11 [INF] [AdminService] Configured endpoint admin-user-created, Consumer: SmartShip.Admin.Infrastructure.Consumers.UserCreatedConsumer
2026-08-15 22:44:11 [INF] [AdminService] Configured endpoint admin-user-deleted, Consumer: SmartShip.Admin.Infrastructure.Consumers.UserDeletedConsumer
2026-08-15 22:44:11 [INF] [AdminService] Configured endpoint admin-shipment-created, Consumer: SmartShip.Admin.Infrastructure.Consumers.ShipmentCreatedMetricsConsumer
2026-08-15 22:44:11 [INF] [AdminService] Configured endpoint admin-shipment-cancelled, Consumer: SmartShip.Admin.Infrastructure.Consumers.ShipmentCancelledConsumer
2026-08-15 22:44:12 [INF] [AdminService] Bus started: "rabbitmq://localhost/"
2026-08-15 22:44:40 [INF] [AdminService] Configured endpoint admin-shipment-delivered, Consumer: SmartShip.Admin.Infrastructure.Consumers.ShipmentDeliveredConsumer
2026-08-15 22:44:40 [INF] [AdminService] Configured endpoint admin-user-created, Consumer: SmartShip.Admin.Infrastructure.Consumers.UserCreatedConsumer
2026-08-15 22:44:40 [INF] [AdminService] Configured endpoint admin-user-deleted, Consumer: SmartShip.Admin.Infrastructure.Consumers.UserDeletedConsumer
2026-08-15 22:44:40 [INF] [AdminService] Configured endpoint admin-shipment-created, Consumer: SmartShip.Admin.Infrastructure.Consumers.ShipmentCreatedMetricsConsumer
2026-08-15 22:44:40 [INF] [AdminService] Configured endpoint admin-shipment-cancelled, Consumer: SmartShip.Admin.Infrastructure.Consumers.ShipmentCancelledConsumer
2026-08-15 22:44:41 [INF] [AdminService] Bus started: "rabbitmq://localhost/"
2026-08-15 22:56:52 [INF] [AdminService] Configured endpoint admin-shipment-delivered, Consumer: SmartShip.Admin.Infrastructure.Consumers.ShipmentDeliveredConsumer
2026-08-15 22:56:52 [INF] [AdminService] Configured endpoint admin-user-created, Consumer: SmartShip.Admin.Infrastructure.Consumers.UserCreatedConsumer
2026-08-15 22:56:52 [INF] [AdminService] Configured endpoint admin-user-deleted, Consumer: SmartShip.Admin.Infrastructure.Consumers.UserDeletedConsumer
2026-08-15 22:56:52 [INF] [AdminService] Configured endpoint admin-shipment-created, Consumer: SmartShip.Admin.Infrastructure.Consumers.ShipmentCreatedMetricsConsumer
2026-08-15 22:56:52 [INF] [AdminService] Configured endpoint admin-shipment-cancelled, Consumer: SmartShip.Admin.Infrastructure.Consumers.ShipmentCancelledConsumer
2026-08-15 22:56:54 [INF] [AdminService] Bus started: "rabbitmq://localhost/"
2026-08-15 22:57:14 [INF] [AdminService] Admin: ShipmentCreated received -> SHP-20260815225714-1031
2026-08-15 22:57:14 [WRN] [AdminService] The query uses the 'First'/'FirstOrDefault' operator without 'OrderBy' and filter operators. This may lead to unpredictable results.
2026-08-15 22:57:15 [INF] [AdminService] Metrics -> Total:1 Active:1
2026-08-15 23:09:27 [INF] [AdminService] Configured endpoint admin-shipment-delivered, Consumer: SmartShip.Admin.Infrastructure.Consumers.ShipmentDeliveredConsumer
2026-08-15 23:09:27 [INF] [AdminService] Configured endpoint admin-user-created, Consumer: SmartShip.Admin.Infrastructure.Consumers.UserCreatedConsumer
2026-08-15 23:09:27 [INF] [AdminService] Configured endpoint admin-user-deleted, Consumer: SmartShip.Admin.Infrastructure.Consumers.UserDeletedConsumer
2026-08-15 23:09:27 [INF] [AdminService] Configured endpoint admin-shipment-created, Consumer: SmartShip.Admin.Infrastructure.Consumers.ShipmentCreatedMetricsConsumer
2026-08-15 23:09:27 [INF] [AdminService] Configured endpoint admin-shipment-cancelled, Consumer: SmartShip.Admin.Infrastructure.Consumers.ShipmentCancelledConsumer
2026-08-15 23:09:27 [INF] [AdminService] Bus started: "rabbitmq://localhost/"
