2026-08-09 22:10:58 [FTL] [ShipmentService]  !! ShipmentService crashed on startup.
Microsoft.Extensions.Hosting.HostAbortedException: The host was aborted.
   at Microsoft.Extensions.Hosting.HostFactoryResolver.HostingListener.ThrowHostAborted()
   at Microsoft.Extensions.Hosting.HostFactoryResolver.HostingListener.OnNext(KeyValuePair`2 value)
   at System.Diagnostics.DiagnosticListener.Write(String name, Object value)
   at Microsoft.Extensions.Hosting.HostBuilder.ResolveHost(IServiceProvider serviceProvider, DiagnosticListener diagnosticListener)
   at Microsoft.Extensions.Hosting.HostApplicationBuilder.Build()
   at Microsoft.AspNetCore.Builder.WebApplicationBuilder.Build()
   at Program.<Main>$(String[] args) in C:\Users\ASUS\OneDrive\Desktop\SmartShip-ReTraining\SmartShip\Services\ShipmentService\Presentation\SmartShip.Shipment.API\Program.cs:line 187
2026-08-09 22:11:08 [FTL] [ShipmentService]  !! ShipmentService crashed on startup.
Microsoft.Extensions.Hosting.HostAbortedException: The host was aborted.
   at Microsoft.Extensions.Hosting.HostFactoryResolver.HostingListener.ThrowHostAborted()
   at Microsoft.Extensions.Hosting.HostFactoryResolver.HostingListener.OnNext(KeyValuePair`2 value)
   at System.Diagnostics.DiagnosticListener.Write(String name, Object value)
   at Microsoft.Extensions.Hosting.HostBuilder.ResolveHost(IServiceProvider serviceProvider, DiagnosticListener diagnosticListener)
   at Microsoft.Extensions.Hosting.HostApplicationBuilder.Build()
   at Microsoft.AspNetCore.Builder.WebApplicationBuilder.Build()
   at Program.<Main>$(String[] args) in C:\Users\ASUS\OneDrive\Desktop\SmartShip-ReTraining\SmartShip\Services\ShipmentService\Presentation\SmartShip.Shipment.API\Program.cs:line 187
2026-08-09 22:11:19 [INF] [ShipmentService] Configured endpoint shipment-user-deleted, Consumer: SmartShip.Shipment.Infrastructure.Consumers.UserDeletedConsumer
2026-08-09 22:11:19 [INF] [ShipmentService] Configured endpoint shipment-cancel-command, Consumer: SmartShip.Shipment.Infrastructure.Consumers.CancelShipmentConsumer
2026-08-09 22:11:19 [INF] [ShipmentService] Configured endpoint shipment-payment-created, Consumer: SmartShip.Shipment.Infrastructure.Consumers.PaymentCreatedConsumer
2026-08-09 22:11:19 [INF] [ShipmentService] Configured endpoint shipment-payment-failed-status, Consumer: SmartShip.Shipment.Infrastructure.Consumers.PaymentFailedShipmentConsumer
